<html>
<body>
<pre>
<h1>µVision Build Log</h1>
<h2>Project:</h2>
C:\Users\Admin\Desktop\STM32 led I love U\STM32cube Led I love you\MDK-ARM\STM32cube Led I love you.uvprojx
Project File Date:  11/02/2021

<h2>Output:</h2>
Build target 'STM32cube Led I love you'
compiling main.c...
../Core/Src/main.c(27): warning:  #1295-D: Deprecated declaration SangLedI - give arg types
  void SangLedI();
../Core/Src/main.c(28): warning:  #1295-D: Deprecated declaration SangLedLv - give arg types
  void SangLedLv();
../Core/Src/main.c(29): warning:  #1295-D: Deprecated declaration SangLedU - give arg types
  void SangLedU();
../Core/Src/main.c: 3 warnings, 0 errors
linking...
Program Size: Code=3564 RO-data=452 RW-data=16 ZI-data=1632  
FromELF: creating hex file...
"STM32cube Led I love you\STM32cube Led I love you.axf" - 0 Error(s), 3 Warning(s).

<h2>Software Packages used:</h2>

Package Vendor: ARM
                http://www.keil.com/pack/ARM.CMSIS.4.1.0.pack
                ARM::CMSIS:CORE:3.30.0
                CMSIS (Cortex Microcontroller Software Interface Standard)
   * Component: CORE Version: 3.30.0

<h2>Collection of Component include folders:</h2>
  C:\Users\Admin\Desktop\STM32 led I love U\STM32cube Led I love you\MDK-ARM\RTE
  C:\Keil_v5\ARM\PACK\ARM\CMSIS\4.1.0\CMSIS\Include

<h2>Collection of Component Files used:</h2>

   * Component: ARM::CMSIS:CORE:3.30.0
      Source file:   CMSIS\UserCodeTemplates\ARM\ITM_Retarget.c
</pre>
</body>
</html>
 0 Error(s), 3 Warning(s).

<h2>Software Packages used:</h2>

Package Vendor: ARM
                http://www.keil.com/pack/ARM.CMSIS.4.1.0.pack
                ARM::CMSIS:CORE:3.30.0
                CMSIS (Cortex Microcontroller Software Interface Standard)
   * Component: CORE Version: 3.30.0

<h2>Collection of Component include folders:</h2>
  C:\Users\Admin\Desktop\STM32 led I love U\STM32cube Led I love you\MDK-ARM\RTE
  C:\Keil_v5\ARM\PACK\ARM\CMSIS\4.1.0\CMSIS\Include

<h2>Collection of Component Files used:</h2>

   * Component: ARM::CMSIS:CORE:3.30.0
      Source file:   CMSIS\UserCodeTemplates\ARM\ITM_Retarget.c
